+ module load env/staging/2024.1
+ '[' -z '' ']'
+ case "$-" in
+ __lmod_sh_dbg=x
+ '[' -n x ']'
+ set +x
Shell debugging temporarily silenced: export LMOD_SH_DBG_ON=1 for Lmod's output

Lmod is automatically replacing "env/release/2025.1" with "env/staging/2024.1".

Shell debugging restarted
+ unset __lmod_sh_dbg
+ return 0
+ module load CUDA-Python/12.6.0-gfbf-2024a-CUDA-12.6.0
+ '[' -z '' ']'
+ case "$-" in
+ __lmod_sh_dbg=x
+ '[' -n x ']'
+ set +x
Shell debugging temporarily silenced: export LMOD_SH_DBG_ON=1 for Lmod's output
Shell debugging restarted
+ unset __lmod_sh_dbg
+ return 0
+ module load NCCL/2.22.3-GCCcore-13.3.0-CUDA-12.6.0
+ '[' -z '' ']'
+ case "$-" in
+ __lmod_sh_dbg=x
+ '[' -n x ']'
+ set +x
Shell debugging temporarily silenced: export LMOD_SH_DBG_ON=1 for Lmod's output
Shell debugging restarted
+ unset __lmod_sh_dbg
+ return 0
+ module load CMake/3.29.3-GCCcore-13.3.0
+ '[' -z '' ']'
+ case "$-" in
+ __lmod_sh_dbg=x
+ '[' -n x ']'
+ set +x
Shell debugging temporarily silenced: export LMOD_SH_DBG_ON=1 for Lmod's output
Shell debugging restarted
+ unset __lmod_sh_dbg
+ return 0
+ module load Ninja/1.12.1-GCCcore-13.3.0
+ '[' -z '' ']'
+ case "$-" in
+ __lmod_sh_dbg=x
+ '[' -n x ']'
+ set +x
Shell debugging temporarily silenced: export LMOD_SH_DBG_ON=1 for Lmod's output
Shell debugging restarted
+ unset __lmod_sh_dbg
+ return 0
+ source /project/scratch/p201382/erisa/Internship/Cascade2/verl-version/.venv/bin/activate
++ deactivate nondestructive
++ '[' -n '' ']'
++ '[' -n '' ']'
++ hash -r
++ '[' -n '' ']'
++ unset VIRTUAL_ENV
++ unset VIRTUAL_ENV_PROMPT
++ '[' '!' nondestructive = nondestructive ']'
++ '[' linux-gnu = cygwin ']'
++ '[' linux-gnu = msys ']'
++ export VIRTUAL_ENV=/mnt/tier1/project/p201382/erisa/Internship/Cascade2/verl-version/.venv
++ VIRTUAL_ENV=/mnt/tier1/project/p201382/erisa/Internship/Cascade2/verl-version/.venv
++ _OLD_VIRTUAL_PATH=/apps/USE/easybuild/staging/2024.1/software/Ninja/1.12.1-GCCcore-13.3.0/bin:/apps/USE/easybuild/staging/2024.1/software/CMake/3.29.3-GCCcore-13.3.0/bin:/apps/USE/easybuild/staging/2024.1/software/libarchive/3.7.4-GCCcore-13.3.0/bin:/apps/USE/easybuild/staging/2024.1/software/cURL/8.7.1-GCCcore-13.3.0/bin:/apps/USE/easybuild/staging/2024.1/software/UCX/1.16.0-GCCcore-13.3.0/bin:/apps/USE/easybuild/staging/2024.1/software/numactl/2.0.18-GCCcore-13.3.0/bin:/apps/USE/easybuild/staging/2024.1/software/Cython/3.0.10-GCCcore-13.3.0/bin:/apps/USE/easybuild/staging/2024.1/software/SciPy-bundle/2024.05-gfbf-2024a/bin:/apps/USE/easybuild/staging/2024.1/software/pybind11/2.12.0-GCC-13.3.0/bin:/apps/USE/easybuild/staging/2024.1/software/ICU/75.1-GCCcore-13.3.0/sbin:/apps/USE/easybuild/staging/2024.1/software/ICU/75.1-GCCcore-13.3.0/bin:/apps/USE/easybuild/staging/2024.1/software/zstd/1.5.6-GCCcore-13.3.0/bin:/apps/USE/easybuild/staging/2024.1/software/lz4/1.9.4-GCCcore-13.3.0/bin:/apps/USE/easybuild/staging/2024.1/software/gzip/1.13-GCCcore-13.3.0/bin:/apps/USE/easybuild/staging/2024.1/software/Python-bundle-PyPI/2024.06-GCCcore-13.3.0/bin:/apps/USE/easybuild/staging/2024.1/software/virtualenv/20.26.2-GCCcore-13.3.0/bin:/apps/USE/easybuild/staging/2024.1/software/Python/3.12.3-GCCcore-13.3.0/bin:/apps/USE/easybuild/staging/2024.1/software/OpenSSL/3/bin:/apps/USE/easybuild/staging/2024.1/software/XZ/5.4.5-GCCcore-13.3.0/bin:/apps/USE/easybuild/staging/2024.1/software/SQLite/3.45.3-GCCcore-13.3.0/bin:/apps/USE/easybuild/staging/2024.1/software/Tcl/8.6.14-GCCcore-13.3.0/bin:/apps/USE/easybuild/staging/2024.1/software/ncurses/6.5-GCCcore-13.3.0/bin:/apps/USE/easybuild/staging/2024.1/software/bzip2/1.0.8-GCCcore-13.3.0/bin:/apps/USE/easybuild/staging/2024.1/software/CUDA/12.6.0/nvvm/bin:/apps/USE/easybuild/staging/2024.1/software/CUDA/12.6.0/bin:/apps/USE/easybuild/staging/2024.1/software/FFTW/3.3.10-GCC-13.3.0/bin:/apps/USE/easybuild/staging/2024.1/software/FlexiBLAS/3.4.4-GCC-13.3.0/bin:/apps/USE/easybuild/staging/2024.1/software/binutils/2.42-GCCcore-13.3.0/bin:/apps/USE/easybuild/staging/2024.1/software/GCCcore/13.3.0/bin:/apps/USE/easybuild/system/software/myquota/0.3.4/bin:/mnt/tier1/project/p201382/erisa/cargo/bin:/home/users/u104403/.local/bin:/home/users/u104403/bin:/usr/local/bin:/usr/bin:/usr/local/sbin:/usr/sbin
++ PATH=/mnt/tier1/project/p201382/erisa/Internship/Cascade2/verl-version/.venv/bin:/apps/USE/easybuild/staging/2024.1/software/Ninja/1.12.1-GCCcore-13.3.0/bin:/apps/USE/easybuild/staging/2024.1/software/CMake/3.29.3-GCCcore-13.3.0/bin:/apps/USE/easybuild/staging/2024.1/software/libarchive/3.7.4-GCCcore-13.3.0/bin:/apps/USE/easybuild/staging/2024.1/software/cURL/8.7.1-GCCcore-13.3.0/bin:/apps/USE/easybuild/staging/2024.1/software/UCX/1.16.0-GCCcore-13.3.0/bin:/apps/USE/easybuild/staging/2024.1/software/numactl/2.0.18-GCCcore-13.3.0/bin:/apps/USE/easybuild/staging/2024.1/software/Cython/3.0.10-GCCcore-13.3.0/bin:/apps/USE/easybuild/staging/2024.1/software/SciPy-bundle/2024.05-gfbf-2024a/bin:/apps/USE/easybuild/staging/2024.1/software/pybind11/2.12.0-GCC-13.3.0/bin:/apps/USE/easybuild/staging/2024.1/software/ICU/75.1-GCCcore-13.3.0/sbin:/apps/USE/easybuild/staging/2024.1/software/ICU/75.1-GCCcore-13.3.0/bin:/apps/USE/easybuild/staging/2024.1/software/zstd/1.5.6-GCCcore-13.3.0/bin:/apps/USE/easybuild/staging/2024.1/software/lz4/1.9.4-GCCcore-13.3.0/bin:/apps/USE/easybuild/staging/2024.1/software/gzip/1.13-GCCcore-13.3.0/bin:/apps/USE/easybuild/staging/2024.1/software/Python-bundle-PyPI/2024.06-GCCcore-13.3.0/bin:/apps/USE/easybuild/staging/2024.1/software/virtualenv/20.26.2-GCCcore-13.3.0/bin:/apps/USE/easybuild/staging/2024.1/software/Python/3.12.3-GCCcore-13.3.0/bin:/apps/USE/easybuild/staging/2024.1/software/OpenSSL/3/bin:/apps/USE/easybuild/staging/2024.1/software/XZ/5.4.5-GCCcore-13.3.0/bin:/apps/USE/easybuild/staging/2024.1/software/SQLite/3.45.3-GCCcore-13.3.0/bin:/apps/USE/easybuild/staging/2024.1/software/Tcl/8.6.14-GCCcore-13.3.0/bin:/apps/USE/easybuild/staging/2024.1/software/ncurses/6.5-GCCcore-13.3.0/bin:/apps/USE/easybuild/staging/2024.1/software/bzip2/1.0.8-GCCcore-13.3.0/bin:/apps/USE/easybuild/staging/2024.1/software/CUDA/12.6.0/nvvm/bin:/apps/USE/easybuild/staging/2024.1/software/CUDA/12.6.0/bin:/apps/USE/easybuild/staging/2024.1/software/FFTW/3.3.10-GCC-13.3.0/bin:/apps/USE/easybuild/staging/2024.1/software/FlexiBLAS/3.4.4-GCC-13.3.0/bin:/apps/USE/easybuild/staging/2024.1/software/binutils/2.42-GCCcore-13.3.0/bin:/apps/USE/easybuild/staging/2024.1/software/GCCcore/13.3.0/bin:/apps/USE/easybuild/system/software/myquota/0.3.4/bin:/mnt/tier1/project/p201382/erisa/cargo/bin:/home/users/u104403/.local/bin:/home/users/u104403/bin:/usr/local/bin:/usr/bin:/usr/local/sbin:/usr/sbin
++ export PATH
++ '[' -n '' ']'
++ '[' -z '' ']'
++ _OLD_VIRTUAL_PS1=
++ PS1='(.venv) '
++ export PS1
++ VIRTUAL_ENV_PROMPT='(.venv) '
++ export VIRTUAL_ENV_PROMPT
++ hash -r
+ cd /project/scratch/p201382/erisa/Internship/Cascade2/verl-version
+ export PYTHONPATH=
+ PYTHONPATH=
+ ./launch.sh
